2025-12-01 11:17:35 [WARNING] TensorBoard not installed. Skipping TensorBoard logging.
2025-12-01 11:17:35 [INFO] Logging to: checkpoints/descouraged_seq/011225_111735
2025-12-01 11:17:35 [INFO] ======================================================================
2025-12-01 11:17:35 [INFO] PPO Training Started
2025-12-01 11:17:35 [INFO] ======================================================================
2025-12-01 11:17:35 [INFO] Configuration from: ./checkpoints
2025-12-01 11:17:35 [INFO] Environment Settings:
2025-12-01 11:17:35 [INFO]   - Max steps: 2048
2025-12-01 11:17:35 [INFO]   - Target population: 500
2025-12-01 11:17:35 [INFO]   - Budget: 100.0
2025-12-01 11:17:35 [INFO]   - K doses (antibiotic types): 3
2025-12-01 11:17:35 [INFO]   - Device: cuda
2025-12-01 11:17:35 [INFO] Model Architecture:
2025-12-01 11:17:35 [INFO]   - Hidden dim: 512
2025-12-01 11:17:35 [INFO]   - RNN layers: 2
2025-12-01 11:17:35 [INFO] PPO Hyperparameters:
2025-12-01 11:17:35 [INFO]   - Learning rate: 0.0001
2025-12-01 11:17:35 [INFO]   - Gamma: 0.99
2025-12-01 11:17:35 [INFO]   - GAE lambda: 0.95
2025-12-01 11:17:35 [INFO]   - Rollout steps: 2048
2025-12-01 11:17:35 [INFO]   - Epochs: 15
2025-12-01 11:17:35 [INFO]   - Seq len: 128
2025-12-01 11:17:35 [INFO] Training Config:
2025-12-01 11:17:35 [INFO]   - Total updates: 200
2025-12-01 11:17:35 [INFO]   - Seed: 42
2025-12-01 11:17:35 [INFO] Reward Weights:
2025-12-01 11:17:35 [INFO]   - Population: 1.0
2025-12-01 11:17:35 [INFO]   - Genome: 0.5
2025-12-01 11:17:35 [INFO]   - Cost: 0.05
2025-12-01 11:17:35 [INFO]   - Population maintenance: 0.01
2025-12-01 11:17:35 [INFO] Reward Modules:
2025-12-01 11:17:35 [INFO]   - Survival bonus: enabled
2025-12-01 11:17:35 [INFO]     - Base bonus: 0.1
2025-12-01 11:17:35 [INFO]     - Scaling type: linear
2025-12-01 11:17:35 [INFO]   - Budget conservation: enabled
2025-12-01 11:17:35 [INFO]     - Weight: 0.01
2025-12-01 11:17:35 [INFO]     - Reserve threshold: 0.5
2025-12-01 11:17:35 [INFO]   - Prediction reward: enabled
2025-12-01 11:17:35 [INFO]     - Weight: 0.2
2025-12-01 11:17:35 [INFO]   - Early termination: enabled
2025-12-01 11:17:35 [INFO]     - Population thresholds: ≤0.2x or ≥3x target
2025-12-01 11:17:35 [INFO]     - Extinction penalty: 50.0
2025-12-01 11:17:35 [INFO]     - Penalty (early → late): 25.0 → 10.0
2025-12-01 11:17:35 [INFO]     - Penalty decay power: 1.0
2025-12-01 11:17:35 [INFO]     - Require budget depleted: False
2025-12-01 11:17:35 [INFO] Action Costs:
2025-12-01 11:17:35 [INFO]   - Sequencing: 2.5
2025-12-01 11:17:35 [INFO]   - Sequencing duration: 5 steps
2025-12-01 11:17:35 [INFO]   - Dose per unit: 2.0
2025-12-01 11:17:35 [INFO] ✓ Run directory created: checkpoints/descouraged_seq/011225_111735
2025-12-01 11:17:35 [INFO]   Structure: checkpoints/descouraged_seq/011225_111735/
2025-12-01 11:17:35 [DEBUG] ✓ Random seed set to: 42
2025-12-01 11:17:35 [INFO] Creating environment with simplified reward structure...
2025-12-01 11:17:35 [INFO] ✓ Environment created with simplified reward structure
2025-12-01 11:17:35 [INFO]   - Timing: t_count_freshness=5, t_seq_freshness=8
2025-12-01 11:17:35 [INFO]   - Kernel maintenance: gaussian (R=1.0, M=0.0, zero_distance=100.0)
2025-12-01 11:17:35 [INFO]   - Survival bonus: enabled=True
2025-12-01 11:17:35 [INFO]   - Early termination: enabled=True
2025-12-01 11:17:35 [INFO]   - Prediction reward: enabled=True
2025-12-01 11:17:35 [INFO] Observation dimension: 28
2025-12-01 11:17:36 [INFO] ✓ Checkpoints will be saved in: checkpoints (shared across runs)
2025-12-01 11:17:36 [DEBUG] ✓ Saved complete config to: checkpoints/descouraged_seq/011225_111735/complete_config.yaml
2025-12-01 11:17:36 [INFO] ======================================================================
2025-12-01 11:17:36 [INFO] Starting Headless Training (No Visualization)
2025-12-01 11:17:36 [INFO] ======================================================================
2025-12-01 11:17:36 [INFO] Starting PPO training for 200 updates
2025-12-01 11:17:36 [INFO] Config: obs_dim=28, hidden_dim=512, rnn_layers=2, k_doses=3
2025-12-01 11:17:36 [INFO] Hyperparams: lr=0.0001, gamma=0.99, gae_lambda=0.95
2025-12-01 11:17:36 [INFO] Rollout steps per update: 2048, PPO epochs: 15
2025-12-01 11:17:36 [DEBUG] Using device: cuda
2025-12-01 11:31:40 [INFO] UPDATE   10/200 | Reward:  -24.54 (±59.91) | Episodes:  12 | Pop: 455 | Budget: 48.5 | Loss: A=-0.0003 C=164.4873
2025-12-01 11:31:40 [INFO]   Actions: DOSE=  0.9% | COUNT= 10.1% | SEQ= 11.2% | NOOP= 77.9%
2025-12-01 11:31:40 [INFO]   Rewards: Pre=+51.08 | PostPen=-122.00 | Kernel=+10.65 | Survival= +8.70 | Predict= +1.31 | EarlyTerm=-24.36
2025-12-01 11:31:40 [INFO]            TOTAL (calculated)= -74.62 | TOTAL (reported)= -24.54
2025-12-01 11:31:40 [DEBUG]   Entropy: 0.5492 | Clip Frac: 0.012 | Grad Norm: 170.7940 | ETA: 241.8 min
2025-12-01 11:45:35 [INFO] UPDATE   20/200 | Reward:  -20.32 (±15.63) | Episodes:  28 | Pop: 97 | Budget: 71.6 | Loss: A=-0.0005 C=10.8787
2025-12-01 11:45:35 [INFO]   Actions: DOSE=  6.8% | COUNT= 23.7% | SEQ=  5.5% | NOOP= 64.0%
2025-12-01 11:45:35 [INFO]   Rewards: Pre=-79.12 | PostPen= +0.00 | Kernel=+14.07 | Survival= +7.19 | Predict= +2.55 | EarlyTerm=-24.47
2025-12-01 11:45:35 [INFO]            TOTAL (calculated)= -79.79 | TOTAL (reported)= -20.32
2025-12-01 11:45:35 [DEBUG]   Entropy: 1.4117 | Clip Frac: 0.179 | Grad Norm: 26.0549 | ETA: 238.6 min
2025-12-01 11:51:22 [DEBUG] Saved checkpoint: checkpoints/checkpoint_25.pt
