2025-12-11 15:27:14 [INFO] Logging to: checkpoints/long_run/111225_152714
2025-12-11 15:27:14 [INFO] TensorBoard logs: checkpoints/long_run/111225_152714/long_run/20251211_152714
2025-12-11 15:27:14 [INFO] View with: tensorboard --logdir=checkpoints/long_run/111225_152714/long_run
2025-12-11 15:27:14 [DEBUG] ✓ Logged 115 hyperparameters to TensorBoard
2025-12-11 15:27:14 [INFO] ======================================================================
2025-12-11 15:27:14 [INFO] PPO Training Started
2025-12-11 15:27:14 [INFO] ======================================================================
2025-12-11 15:27:14 [INFO] Configuration from: ./checkpoints
2025-12-11 15:27:14 [INFO] Environment Settings:
2025-12-11 15:27:14 [INFO]   - Max steps: 1024
2025-12-11 15:27:14 [INFO]   - Target population: 100.0
2025-12-11 15:27:14 [INFO]   - Population normalization: 300.0
2025-12-11 15:27:14 [INFO]   - Budget init: 100.0
2025-12-11 15:27:14 [INFO]   - Budget normalization: 300.0
2025-12-11 15:27:14 [INFO]   - K doses (antibiotic types): 3
2025-12-11 15:27:14 [INFO]   - Device: cuda
2025-12-11 15:27:14 [INFO]     - torch.cuda.is_available: True
2025-12-11 15:27:14 [INFO]     - Using GPU: cuda:0 (NVIDIA GeForce RTX 3090)
2025-12-11 15:27:14 [INFO] Model Architecture:
2025-12-11 15:27:14 [INFO]   - Hidden dim: 256
2025-12-11 15:27:14 [INFO]   - RNN layers: 2
2025-12-11 15:27:14 [INFO] PPO Hyperparameters:
2025-12-11 15:27:14 [INFO]   - Learning rate: 0.0001
2025-12-11 15:27:14 [INFO]   - Gamma: 0.99
2025-12-11 15:27:14 [INFO]   - GAE lambda: 0.95
2025-12-11 15:27:14 [INFO]   - Rollout steps: 2048
2025-12-11 15:27:14 [INFO]   - Epochs: 15
2025-12-11 15:27:14 [INFO]   - Seq len: 256
2025-12-11 15:27:14 [INFO] Training Config:
2025-12-11 15:27:14 [INFO]   - Total updates: 5000
2025-12-11 15:27:14 [INFO]   - Seed: 42
2025-12-11 15:27:14 [INFO] Reward Modules:
2025-12-11 15:27:14 [INFO]   - Survival bonus: enabled
2025-12-11 15:27:14 [INFO]     - Base bonus: 2.0
2025-12-11 15:27:14 [INFO]     - Scaling type: linear
2025-12-11 15:27:14 [INFO]   - Prediction reward: disabled
2025-12-11 15:27:14 [INFO]   - Early termination: enabled
2025-12-11 15:27:14 [INFO]     - Population thresholds: ≤0.05x or ≥4.5x target
2025-12-11 15:27:14 [INFO]     - Extinction penalty: 100
2025-12-11 15:27:14 [INFO]     - Penalty (early → late): 100.0 → 2.0
2025-12-11 15:27:14 [INFO]     - Penalty decay power: 1.3
2025-12-11 15:27:14 [INFO]     - Require budget depleted: False
2025-12-11 15:27:14 [INFO] Action Costs:
2025-12-11 15:27:14 [INFO]   - Weight: 0.5
2025-12-11 15:27:14 [INFO]   - NOOP: 0.0
2025-12-11 15:27:14 [INFO]   - COUNT: 0.5
2025-12-11 15:27:14 [INFO]   - SEQUENCING: 2.5
2025-12-11 15:27:14 [INFO]     └ duration: 5 steps
2025-12-11 15:27:14 [INFO]   - DOSE base: 1.0
2025-12-11 15:27:14 [INFO]   - DOSE per unit: 3.0
2025-12-11 15:27:14 [INFO] ✓ Run directory created: checkpoints/long_run/111225_152714
2025-12-11 15:27:14 [INFO]   Structure: checkpoints/long_run/111225_152714/
2025-12-11 15:27:14 [DEBUG] ✓ Random seed set to: 42
2025-12-11 15:27:14 [INFO] Creating environment with simplified reward structure...
2025-12-11 15:27:14 [INFO] Informed dosing configuration:
2025-12-11 15:27:14 [INFO]   - Under-target base penalty: 100.0
2025-12-11 15:27:14 [INFO]     · Dose scale/exponent: 6.0 / 1.0
2025-12-11 15:27:14 [INFO]     · Deficit scale/cap: 3.0 / 1.8
2025-12-11 15:27:14 [INFO]     · Under-target max penalty: None
2025-12-11 15:27:14 [INFO]   - Blind base penalty: 20.0
2025-12-11 15:27:14 [INFO]     · Blind dose scale/exponent: 1.5 / 1.1
2025-12-11 15:27:14 [INFO]     · Blind max penalty: None
2025-12-11 15:27:14 [INFO] Initial bacteria per type range set to [20, 60]
2025-12-11 15:27:14 [INFO] ✓ Environment created with simplified reward structure
2025-12-11 15:27:14 [INFO]   - Timing: t_count_freshness=10, t_seq_freshness=10
2025-12-11 15:27:14 [INFO]   - Warmup skip steps: 10
2025-12-11 15:27:14 [INFO]   - Kernel maintenance: gaussian (R=20.0, M=2.0, zero_distance=50.0)
2025-12-11 15:27:14 [INFO]   - Survival bonus: enabled=True
2025-12-11 15:27:14 [INFO]   - Early termination: enabled=True
2025-12-11 15:27:14 [INFO]   - Prediction reward: enabled=False, align=3.0/6.0, target=1.0/3.0
2025-12-11 15:27:14 [INFO] Observation dimension: 31
2025-12-11 15:27:15 [INFO] Loading checkpoint from: /home/francesco.bassignana/antibiotic_learning/src/checkpoints/long_run/111225_102244/checkpoint_2500.pt
2025-12-11 15:27:15 [INFO] ✓ Overriding sigmoid_scale_factor from checkpoint with YAML value: 0.1
2025-12-11 15:27:15 [INFO] ✓ Reset continuous_log_std to zeros (std=1.0)
2025-12-11 15:27:15 [DEBUG] ✓ Loaded optimizer state
2025-12-11 15:27:15 [DEBUG] ✓ Restored recurrent hidden state
2025-12-11 15:27:15 [DEBUG] ✓ Restored previous action (onehot)
2025-12-11 15:27:15 [DEBUG] ✓ Restored previous action (continuous)
2025-12-11 15:27:15 [DEBUG] ✓ Restored previous predicted population
2025-12-11 15:27:15 [INFO] ✓ Loaded checkpoint from update 2500
2025-12-11 15:27:15 [INFO] ✓ Checkpoints will be saved in: checkpoints/long_run/111225_152714
2025-12-11 15:27:15 [DEBUG] Warning: Could not save config: 'RewardConfig' object has no attribute 'dose'
2025-12-11 15:27:15 [INFO] ======================================================================
2025-12-11 15:27:15 [INFO] Resuming Headless Training from Update 2500
2025-12-11 15:27:15 [INFO] ======================================================================
2025-12-11 15:27:15 [INFO] Starting PPO training for 5000 updates
2025-12-11 15:27:15 [INFO] Config: obs_dim=31, hidden_dim=256, rnn_layers=2, k_doses=3
2025-12-11 15:27:15 [INFO] Hyperparams: lr=0.0001, gamma=0.99, gae_lambda=0.95
2025-12-11 15:27:15 [INFO] Rollout steps per update: 2048, PPO epochs: 15
2025-12-11 15:27:15 [DEBUG] Using device: cuda
2025-12-11 15:27:15 [INFO] Resuming training from update 2500
