2025-12-15 11:53:10 [INFO] Logging to: checkpoints/long_run/151225_115310
2025-12-15 11:53:10 [INFO] TensorBoard logs: checkpoints/long_run/151225_115310/long_run/20251215_115310
2025-12-15 11:53:10 [INFO] View with: tensorboard --logdir=checkpoints/long_run/151225_115310/long_run
2025-12-15 11:53:10 [DEBUG] ✓ Logged 115 hyperparameters to TensorBoard
2025-12-15 11:53:10 [INFO] ======================================================================
2025-12-15 11:53:10 [INFO] PPO Training Started
2025-12-15 11:53:10 [INFO] ======================================================================
2025-12-15 11:53:10 [INFO] Configuration from: ./checkpoints
2025-12-15 11:53:10 [INFO] Environment Settings:
2025-12-15 11:53:10 [INFO]   - Max steps: 800
2025-12-15 11:53:10 [INFO]   - Target population: 100.0
2025-12-15 11:53:10 [INFO]   - Population normalization: 300.0
2025-12-15 11:53:10 [INFO]   - Budget init: 100.0
2025-12-15 11:53:10 [INFO]   - Budget normalization: 300.0
2025-12-15 11:53:10 [INFO]   - K doses (antibiotic types): 3
2025-12-15 11:53:10 [INFO]   - Device: cuda
2025-12-15 11:53:11 [INFO]     - torch.cuda.is_available: True
2025-12-15 11:53:11 [INFO]     - Using GPU: cuda:0 (NVIDIA GeForce RTX 3090)
2025-12-15 11:53:11 [INFO] Model Architecture:
2025-12-15 11:53:11 [INFO]   - Hidden dim: 256
2025-12-15 11:53:11 [INFO]   - RNN layers: 2
2025-12-15 11:53:11 [INFO] PPO Hyperparameters:
2025-12-15 11:53:11 [INFO]   - Learning rate: 0.0001
2025-12-15 11:53:11 [INFO]   - Gamma: 0.99
2025-12-15 11:53:11 [INFO]   - GAE lambda: 0.95
2025-12-15 11:53:11 [INFO]   - Rollout steps: 2048
2025-12-15 11:53:11 [INFO]   - Epochs: 15
2025-12-15 11:53:11 [INFO]   - Seq len: 256
2025-12-15 11:53:11 [INFO] Training Config:
2025-12-15 11:53:11 [INFO]   - Total updates: 8500
2025-12-15 11:53:11 [INFO]   - Seed: 42
2025-12-15 11:53:11 [INFO] Reward Modules:
2025-12-15 11:53:11 [INFO]   - Survival bonus: enabled
2025-12-15 11:53:11 [INFO]     - Base bonus: 1.0
2025-12-15 11:53:11 [INFO]     - Scaling type: linear
2025-12-15 11:53:11 [INFO]   - Prediction reward: disabled
2025-12-15 11:53:11 [INFO]   - Early termination: enabled
2025-12-15 11:53:11 [INFO]     - Population thresholds: ≤0.15x or ≥2.5x target
2025-12-15 11:53:11 [INFO]     - Extinction penalty: 150
2025-12-15 11:53:11 [INFO]     - Penalty (early → late): 100.0 → 2.0
2025-12-15 11:53:11 [INFO]     - Penalty decay power: 1.4
2025-12-15 11:53:11 [INFO]     - Require budget depleted: False
2025-12-15 11:53:11 [INFO] Action Costs:
2025-12-15 11:53:11 [INFO]   - Weight: 4.0
2025-12-15 11:53:11 [INFO]   - NOOP: 0.0
2025-12-15 11:53:11 [INFO]   - COUNT: 0.5
2025-12-15 11:53:11 [INFO]   - SEQUENCING: 2.5
2025-12-15 11:53:11 [INFO]     └ duration: 5 steps
2025-12-15 11:53:11 [INFO]   - DOSE base: 1.0
2025-12-15 11:53:11 [INFO]   - DOSE per unit: 3.0
2025-12-15 11:53:11 [INFO] ✓ Run directory created: checkpoints/long_run/151225_115310
2025-12-15 11:53:11 [INFO]   Structure: checkpoints/long_run/151225_115310/
2025-12-15 11:53:11 [DEBUG] ✓ Random seed set to: 42
2025-12-15 11:53:11 [INFO] Creating environment with simplified reward structure...
2025-12-15 11:53:11 [INFO] Informed dosing configuration:
2025-12-15 11:53:11 [INFO]   - Under-target base penalty: 150.0
2025-12-15 11:53:11 [INFO]     · Dose scale/exponent: 6.0 / 1.0
2025-12-15 11:53:11 [INFO]     · Deficit scale/cap: 3.0 / 1.8
2025-12-15 11:53:11 [INFO]     · Under-target max penalty: None
2025-12-15 11:53:11 [INFO]   - Blind base penalty: 200.0
2025-12-15 11:53:11 [INFO]     · Blind dose scale/exponent: 1.5 / 1.1
2025-12-15 11:53:11 [INFO]     · Blind max penalty: None
2025-12-15 11:53:11 [INFO] Initial bacteria per type range set to [20, 60]
2025-12-15 11:53:11 [INFO] ✓ Environment created with simplified reward structure
2025-12-15 11:53:11 [INFO]   - Timing: t_count_freshness=10, t_seq_freshness=10
2025-12-15 11:53:11 [INFO]   - Warmup skip steps: 5
2025-12-15 11:53:11 [INFO]   - Kernel maintenance: laplace (R=40.0, M=2.0, zero_distance=30)
2025-12-15 11:53:11 [INFO]   - Survival bonus: enabled=True
2025-12-15 11:53:11 [INFO]   - Early termination: enabled=True
2025-12-15 11:53:11 [INFO]   - Prediction reward: enabled=False, align=3.0/6.0, target=1.0/3.0
2025-12-15 11:53:11 [INFO] Observation dimension: 31
2025-12-15 11:53:11 [INFO] Loading checkpoint from: /home/francesco.bassignana/antibiotic_learning/src/checkpoints/long_run/141225_211917/checkpoint_final_7500.pt
2025-12-15 11:53:11 [INFO] ✓ Overriding sigmoid_scale_factor from checkpoint with YAML value: 0.1
2025-12-15 11:53:11 [INFO] ✓ Reset continuous_log_std to zeros (std=1.0)
2025-12-15 11:53:11 [DEBUG] ✓ Loaded optimizer state
2025-12-15 11:53:11 [DEBUG] ✓ Restored recurrent hidden state
2025-12-15 11:53:11 [DEBUG] ✓ Restored previous action (onehot)
2025-12-15 11:53:11 [DEBUG] ✓ Restored previous action (continuous)
2025-12-15 11:53:11 [DEBUG] ✓ Restored previous predicted population
2025-12-15 11:53:11 [INFO] ✓ Loaded checkpoint from update 7500
2025-12-15 11:53:11 [INFO] ✓ Checkpoints will be saved in: checkpoints/long_run/151225_115310
2025-12-15 11:53:11 [DEBUG] Warning: Could not save config: 'RewardConfig' object has no attribute 'dose'
2025-12-15 11:53:11 [INFO] ======================================================================
2025-12-15 11:53:11 [INFO] Resuming Headless Training from Update 7500
2025-12-15 11:53:11 [INFO] ======================================================================
2025-12-15 11:53:11 [INFO] Starting PPO training for 8500 updates
2025-12-15 11:53:11 [INFO] Config: obs_dim=31, hidden_dim=256, rnn_layers=2, k_doses=3
2025-12-15 11:53:11 [INFO] Hyperparams: lr=0.0001, gamma=0.99, gae_lambda=0.95
2025-12-15 11:53:11 [INFO] Rollout steps per update: 2048, PPO epochs: 15
2025-12-15 11:53:11 [DEBUG] Using device: cuda
2025-12-15 11:53:11 [INFO] Resuming training from update 7500
2025-12-15 11:53:40 [INFO] UPDATE 7500/8500 | Reward: -679.94 (±391.17) | Episodes:   8 | Pop: 135 | Budget: 37.1 | Loss: A=0.6230 C=6297.8598
2025-12-15 11:53:40 [INFO]   Actions: DOSE=  1.3% | COUNT= 30.3% | SEQ=  3.1% | NOOP= 65.3%
2025-12-15 11:53:40 [INFO]   Rewards: Pre=-798.55 | PostPen=-180.25 | Kernel=+152.55 | Survival=+457.21 | Predict= +0.00 | EarlyTerm=-59.43 | Cost=-251.46
2025-12-15 11:53:40 [INFO]            TOTAL (calculated)=-679.94 | TOTAL (reported)=-679.94
2025-12-15 11:53:40 [DEBUG]   Entropy: 0.7246 | Clip Frac: 0.100 | Grad Norm: 22575.3439 | ETA: 0.1 min
2025-12-15 11:58:08 [INFO] UPDATE 7510/8500 | Reward: -424.79 (±261.21) | Episodes:   6 | Pop: 174 | Budget: 31.5 | Loss: A=0.2587 C=1155.9040
2025-12-15 11:58:08 [INFO]   Actions: DOSE=  1.4% | COUNT= 24.0% | SEQ=  4.2% | NOOP= 70.4%
2025-12-15 11:58:08 [INFO]   Rewards: Pre=-657.96 | PostPen=-238.00 | Kernel=+200.23 | Survival=+601.26 | Predict= +0.00 | EarlyTerm=-56.20 | Cost=-274.12
2025-12-15 11:58:08 [INFO]            TOTAL (calculated)=-424.79 | TOTAL (reported)=-424.79
2025-12-15 11:58:08 [DEBUG]   Entropy: 0.6693 | Clip Frac: 0.102 | Grad Norm: 10997.9210 | ETA: 0.7 min
2025-12-15 12:02:33 [INFO] UPDATE 7520/8500 | Reward: -139.16 (±350.20) | Episodes:   6 | Pop: 134 | Budget: 26.1 | Loss: A=-0.0504 C=509.0856
2025-12-15 12:02:33 [INFO]   Actions: DOSE=  1.2% | COUNT= 11.5% | SEQ=  6.3% | NOOP= 81.0%
2025-12-15 12:02:33 [INFO]   Rewards: Pre=-56.67 | PostPen=-516.00 | Kernel=+128.47 | Survival=+650.53 | Predict= +0.00 | EarlyTerm=-49.73 | Cost=-295.77
2025-12-15 12:02:33 [INFO]            TOTAL (calculated)=-139.16 | TOTAL (reported)=-139.16
2025-12-15 12:02:33 [DEBUG]   Entropy: 0.6686 | Clip Frac: 0.066 | Grad Norm: 11247.5717 | ETA: 1.2 min
2025-12-15 12:07:12 [INFO] UPDATE 7530/8500 | Reward:   -2.07 (±336.29) | Episodes:   7 | Pop: 246 | Budget: 39.4 | Loss: A=0.0001 C=454.8945
2025-12-15 12:07:12 [INFO]   Actions: DOSE=  1.0% | COUNT= 13.2% | SEQ=  5.7% | NOOP= 80.1%
2025-12-15 12:07:12 [INFO]   Rewards: Pre=+31.88 | PostPen=-320.86 | Kernel=+135.68 | Survival=+444.66 | Predict= +0.00 | EarlyTerm=-50.85 | Cost=-242.58
2025-12-15 12:07:12 [INFO]            TOTAL (calculated)=  -2.07 | TOTAL (reported)=  -2.07
2025-12-15 12:07:12 [DEBUG]   Entropy: 0.6629 | Clip Frac: 0.033 | Grad Norm: 7962.1550 | ETA: 1.8 min
2025-12-15 12:11:56 [INFO] UPDATE 7540/8500 | Reward:  -68.96 (±469.47) | Episodes:   6 | Pop: 256 | Budget: 17.4 | Loss: A=0.2414 C=642.4888
2025-12-15 12:11:56 [INFO]   Actions: DOSE=  1.2% | COUNT= 11.5% | SEQ=  7.2% | NOOP= 80.1%
2025-12-15 12:11:56 [INFO]   Rewards: Pre= +5.24 | PostPen=-434.33 | Kernel=+118.61 | Survival=+622.16 | Predict= +0.00 | EarlyTerm=-50.16 | Cost=-330.48
2025-12-15 12:11:56 [INFO]            TOTAL (calculated)= -68.96 | TOTAL (reported)= -68.96
2025-12-15 12:11:56 [DEBUG]   Entropy: 0.6005 | Clip Frac: 0.058 | Grad Norm: 8011.3204 | ETA: 2.4 min
2025-12-15 12:16:37 [INFO] UPDATE 7550/8500 | Reward:  818.17 (±602.78) | Episodes:   3 | Pop: 172 | Budget: 25.2 | Loss: A=0.0501 C=851.3126
2025-12-15 12:16:37 [INFO]   Actions: DOSE=  1.0% | COUNT=  9.8% | SEQ=  3.8% | NOOP= 85.4%
2025-12-15 12:16:37 [INFO]   Rewards: Pre=+436.59 | PostPen=-627.33 | Kernel=+176.37 | Survival=+1165.23 | Predict= +0.00 | EarlyTerm=-33.38 | Cost=-299.31
2025-12-15 12:16:37 [INFO]            TOTAL (calculated)=+818.17 | TOTAL (reported)=+818.17
2025-12-15 12:16:37 [DEBUG]   Entropy: 0.4896 | Clip Frac: 0.044 | Grad Norm: 8909.2022 | ETA: 2.9 min
2025-12-15 12:21:16 [INFO] UPDATE 7560/8500 | Reward:  486.39 (±497.57) | Episodes:   4 | Pop: 194 | Budget: 23.0 | Loss: A=0.1225 C=502.0563
2025-12-15 12:21:16 [INFO]   Actions: DOSE=  1.2% | COUNT= 11.0% | SEQ=  3.8% | NOOP= 84.1%
2025-12-15 12:21:16 [INFO]   Rewards: Pre=+52.31 | PostPen=-607.50 | Kernel=+244.73 | Survival=+1139.95 | Predict= +0.00 | EarlyTerm=-35.00 | Cost=-308.11
2025-12-15 12:21:16 [INFO]            TOTAL (calculated)=+486.39 | TOTAL (reported)=+486.39
2025-12-15 12:21:16 [DEBUG]   Entropy: 0.4609 | Clip Frac: 0.049 | Grad Norm: 5693.8791 | ETA: 3.5 min
2025-12-15 12:26:01 [INFO] UPDATE 7570/8500 | Reward:   13.01 (±143.45) | Episodes:   4 | Pop: 193 | Budget: 3.0 | Loss: A=0.0377 C=604.8272
2025-12-15 12:26:01 [INFO]   Actions: DOSE=  1.2% | COUNT= 12.6% | SEQ=  6.3% | NOOP= 79.8%
2025-12-15 12:26:01 [INFO]   Rewards: Pre=-106.15 | PostPen=-329.50 | Kernel=+119.40 | Survival=+758.33 | Predict= +0.00 | EarlyTerm=-41.17 | Cost=-387.90
2025-12-15 12:26:01 [INFO]            TOTAL (calculated)= +13.01 | TOTAL (reported)= +13.01
2025-12-15 12:26:01 [DEBUG]   Entropy: 0.5889 | Clip Frac: 0.064 | Grad Norm: 9876.5616 | ETA: 4.0 min
2025-12-15 12:30:28 [INFO] UPDATE 7580/8500 | Reward:   83.31 (±311.53) | Episodes:   5 | Pop: 110 | Budget: 29.7 | Loss: A=0.0945 C=568.4074
2025-12-15 12:30:28 [INFO]   Actions: DOSE=  1.4% | COUNT= 18.0% | SEQ=  3.8% | NOOP= 76.9%
2025-12-15 12:30:28 [INFO]   Rewards: Pre=-293.10 | PostPen=-215.60 | Kernel=+221.59 | Survival=+698.20 | Predict= +0.00 | EarlyTerm=-46.76 | Cost=-281.03
2025-12-15 12:30:28 [INFO]            TOTAL (calculated)= +83.31 | TOTAL (reported)= +83.31
2025-12-15 12:30:28 [DEBUG]   Entropy: 0.6061 | Clip Frac: 0.062 | Grad Norm: 9643.3755 | ETA: 4.5 min
2025-12-15 12:35:22 [INFO] UPDATE 7590/8500 | Reward: -175.19 (±166.33) | Episodes:   7 | Pop: 166 | Budget: 38.0 | Loss: A=0.1570 C=557.3619
2025-12-15 12:35:22 [INFO]   Actions: DOSE=  1.1% | COUNT= 13.4% | SEQ=  5.9% | NOOP= 79.6%
2025-12-15 12:35:22 [INFO]   Rewards: Pre=-129.98 | PostPen=-376.86 | Kernel=+119.79 | Survival=+512.44 | Predict= +0.00 | EarlyTerm=-52.41 | Cost=-248.17
2025-12-15 12:35:22 [INFO]            TOTAL (calculated)=-175.19 | TOTAL (reported)=-175.19
2025-12-15 12:35:22 [DEBUG]   Entropy: 0.6390 | Clip Frac: 0.039 | Grad Norm: 5908.7622 | ETA: 5.1 min
2025-12-15 12:39:33 [DEBUG] Saved checkpoint: checkpoints/long_run/151225_115310/checkpoint_7600.pt
2025-12-15 12:39:58 [INFO] UPDATE 7600/8500 | Reward:  737.41 (±968.74) | Episodes:   2 | Pop: 169 | Budget: 0.1 | Loss: A=0.1709 C=448.2366
2025-12-15 12:39:58 [INFO]   Actions: DOSE=  1.0% | COUNT= 10.9% | SEQ=  2.4% | NOOP= 85.7%
2025-12-15 12:39:58 [INFO]   Rewards: Pre=+162.39 | PostPen=-1530.00 | Kernel=+247.27 | Survival=+2258.43 | Predict= +0.00 | EarlyTerm= -1.26 | Cost=-399.42
2025-12-15 12:39:58 [INFO]            TOTAL (calculated)=+737.41 | TOTAL (reported)=+737.41
2025-12-15 12:39:58 [DEBUG]   Entropy: 0.4216 | Clip Frac: 0.037 | Grad Norm: 6672.6317 | ETA: 5.5 min
2025-12-15 12:44:24 [INFO] UPDATE 7610/8500 | Reward: -198.43 (±800.98) | Episodes:   7 | Pop: 83 | Budget: 29.3 | Loss: A=0.1494 C=751.2091
2025-12-15 12:44:24 [INFO]   Actions: DOSE=  1.6% | COUNT= 17.3% | SEQ=  5.4% | NOOP= 75.7%
2025-12-15 12:44:24 [INFO]   Rewards: Pre=-329.11 | PostPen=-251.71 | Kernel=+169.48 | Survival=+550.01 | Predict= +0.00 | EarlyTerm=-54.28 | Cost=-282.82
2025-12-15 12:44:24 [INFO]            TOTAL (calculated)=-198.43 | TOTAL (reported)=-198.43
2025-12-15 12:44:24 [DEBUG]   Entropy: 0.6708 | Clip Frac: 0.093 | Grad Norm: 10579.8515 | ETA: 6.0 min
2025-12-15 12:48:50 [INFO] UPDATE 7620/8500 | Reward:  425.50 (±396.16) | Episodes:   4 | Pop: 14 | Budget: 40.8 | Loss: A=0.2326 C=885.7200
2025-12-15 12:48:50 [INFO]   Actions: DOSE=  1.4% | COUNT= 10.8% | SEQ=  2.5% | NOOP= 85.4%
2025-12-15 12:48:50 [INFO]   Rewards: Pre=-192.92 | PostPen=-405.00 | Kernel=+190.89 | Survival=+1109.39 | Predict= +0.00 | EarlyTerm=-40.20 | Cost=-236.66
2025-12-15 12:48:50 [INFO]            TOTAL (calculated)=+425.50 | TOTAL (reported)=+425.50
2025-12-15 12:48:50 [DEBUG]   Entropy: 0.5758 | Clip Frac: 0.043 | Grad Norm: 11789.0334 | ETA: 6.4 min
2025-12-15 12:53:20 [INFO] UPDATE 7630/8500 | Reward:  556.70 (±1270.55) | Episodes:   3 | Pop: 97 | Budget: 51.9 | Loss: A=0.1333 C=426.0121
2025-12-15 12:53:20 [INFO]   Actions: DOSE=  1.3% | COUNT= 10.2% | SEQ=  1.5% | NOOP= 87.0%
2025-12-15 12:53:20 [INFO]   Rewards: Pre=-114.28 | PostPen=-320.00 | Kernel=+124.00 | Survival=+1095.89 | Predict= +0.00 | EarlyTerm=-36.38 | Cost=-192.53
2025-12-15 12:53:20 [INFO]            TOTAL (calculated)=+556.70 | TOTAL (reported)=+556.70
2025-12-15 12:53:20 [DEBUG]   Entropy: 0.5467 | Clip Frac: 0.031 | Grad Norm: 8893.7773 | ETA: 6.8 min
2025-12-15 12:57:57 [INFO] UPDATE 7640/8500 | Reward:  269.06 (±801.42) | Episodes:   4 | Pop: 225 | Budget: 75.2 | Loss: A=0.2487 C=714.0689
2025-12-15 12:57:57 [INFO]   Actions: DOSE=  1.2% | COUNT=  8.5% | SEQ=  0.4% | NOOP= 89.9%
2025-12-15 12:57:57 [INFO]   Rewards: Pre=-23.78 | PostPen=-585.00 | Kernel=+95.11 | Survival=+925.61 | Predict= +0.00 | EarlyTerm=-43.88 | Cost=-99.00
2025-12-15 12:57:57 [INFO]            TOTAL (calculated)=+269.06 | TOTAL (reported)=+269.06
2025-12-15 12:57:57 [DEBUG]   Entropy: 0.5082 | Clip Frac: 0.046 | Grad Norm: 10197.0971 | ETA: 7.3 min
2025-12-15 13:02:37 [INFO] UPDATE 7650/8500 | Reward: -120.81 (±239.17) | Episodes:   5 | Pop: 206 | Budget: 22.5 | Loss: A=0.0669 C=511.3963
2025-12-15 13:02:37 [INFO]   Actions: DOSE=  1.0% | COUNT= 12.2% | SEQ=  5.4% | NOOP= 81.4%
2025-12-15 13:02:37 [INFO]   Rewards: Pre= +1.57 | PostPen=-797.20 | Kernel=+158.91 | Survival=+870.18 | Predict= +0.00 | EarlyTerm=-44.43 | Cost=-309.84
2025-12-15 13:02:37 [INFO]            TOTAL (calculated)=-120.81 | TOTAL (reported)=-120.81
2025-12-15 13:02:37 [DEBUG]   Entropy: 0.5692 | Clip Frac: 0.022 | Grad Norm: 8923.6095 | ETA: 7.7 min
2025-12-15 13:07:14 [INFO] UPDATE 7660/8500 | Reward:  108.57 (±637.32) | Episodes:   8 | Pop: 174 | Budget: 58.9 | Loss: A=0.1453 C=790.3703
2025-12-15 13:07:14 [INFO]   Actions: DOSE=  1.3% | COUNT= 13.1% | SEQ=  3.7% | NOOP= 81.9%
2025-12-15 13:07:14 [INFO]   Rewards: Pre=+19.96 | PostPen=-261.25 | Kernel=+71.47 | Survival=+508.28 | Predict= +0.00 | EarlyTerm=-65.38 | Cost=-164.51
2025-12-15 13:07:14 [INFO]            TOTAL (calculated)=+108.57 | TOTAL (reported)=+108.57
2025-12-15 13:07:14 [DEBUG]   Entropy: 0.6713 | Clip Frac: 0.086 | Grad Norm: 10156.3623 | ETA: 8.1 min
2025-12-15 13:11:58 [INFO] UPDATE 7670/8500 | Reward: -170.29 (±249.01) | Episodes:  10 | Pop: 182 | Budget: 36.7 | Loss: A=0.1162 C=709.3900
2025-12-15 13:11:58 [INFO]   Actions: DOSE=  1.3% | COUNT= 12.4% | SEQ= 10.4% | NOOP= 75.8%
2025-12-15 13:11:58 [INFO]   Rewards: Pre=+45.36 | PostPen=-265.60 | Kernel=+56.64 | Survival=+316.19 | Predict= +0.00 | EarlyTerm=-69.69 | Cost=-253.20
2025-12-15 13:11:58 [INFO]            TOTAL (calculated)=-170.29 | TOTAL (reported)=-170.29
2025-12-15 13:11:58 [DEBUG]   Entropy: 0.7291 | Clip Frac: 0.095 | Grad Norm: 8159.5526 | ETA: 8.5 min
2025-12-15 13:16:55 [INFO] UPDATE 7680/8500 | Reward:   32.31 (±293.10) | Episodes:   6 | Pop: 165 | Budget: 56.6 | Loss: A=0.0351 C=558.5755
2025-12-15 13:16:55 [INFO]   Actions: DOSE=  1.3% | COUNT=  6.8% | SEQ=  4.0% | NOOP= 87.9%
2025-12-15 13:16:55 [INFO]   Rewards: Pre=+141.96 | PostPen=-549.67 | Kernel=+54.72 | Survival=+619.86 | Predict= +0.00 | EarlyTerm=-61.12 | Cost=-173.44
2025-12-15 13:16:55 [INFO]            TOTAL (calculated)= +32.31 | TOTAL (reported)= +32.31
2025-12-15 13:16:55 [DEBUG]   Entropy: 0.5524 | Clip Frac: 0.050 | Grad Norm: 8138.6111 | ETA: 8.9 min
2025-12-15 13:21:41 [INFO] UPDATE 7690/8500 | Reward: 2215.19 (±270.22) | Episodes:   2 | Pop: 70 | Budget: 27.0 | Loss: A=0.0584 C=418.3288
2025-12-15 13:21:41 [INFO]   Actions: DOSE=  1.5% | COUNT= 12.0% | SEQ=  0.6% | NOOP= 85.9%
2025-12-15 13:21:41 [INFO]   Rewards: Pre=+473.51 | PostPen=-609.00 | Kernel=+346.35 | Survival=+2296.43 | Predict= +0.00 | EarlyTerm= +0.00 | Cost=-292.09
2025-12-15 13:21:41 [INFO]            TOTAL (calculated)=+2215.19 | TOTAL (reported)=+2215.19
2025-12-15 13:21:41 [DEBUG]   Entropy: 0.5962 | Clip Frac: 0.033 | Grad Norm: 6767.6492 | ETA: 9.3 min
2025-12-15 13:26:20 [INFO] UPDATE 7700/8500 | Reward:  533.12 (±657.61) | Episodes:   5 | Pop: 158 | Budget: 20.3 | Loss: A=0.3421 C=644.4632
2025-12-15 13:26:20 [INFO]   Actions: DOSE=  1.2% | COUNT= 11.4% | SEQ=  5.2% | NOOP= 82.2%
2025-12-15 13:26:20 [INFO]   Rewards: Pre=+287.60 | PostPen=-295.20 | Kernel=+110.11 | Survival=+792.17 | Predict= +0.00 | EarlyTerm=-42.89 | Cost=-318.67
2025-12-15 13:26:20 [INFO]            TOTAL (calculated)=+533.12 | TOTAL (reported)=+533.12
2025-12-15 13:26:20 [DEBUG]   Entropy: 0.5731 | Clip Frac: 0.032 | Grad Norm: 13404.0563 | ETA: 9.7 min
2025-12-15 13:31:02 [INFO] UPDATE 7710/8500 | Reward: -638.23 (±406.11) | Episodes:   8 | Pop: 223 | Budget: 20.4 | Loss: A=0.1311 C=746.4115
2025-12-15 13:31:02 [INFO]   Actions: DOSE=  1.1% | COUNT= 16.7% | SEQ=  9.3% | NOOP= 72.9%
2025-12-15 13:31:02 [INFO]   Rewards: Pre=-257.84 | PostPen=-538.75 | Kernel=+116.27 | Survival=+422.05 | Predict= +0.00 | EarlyTerm=-61.64 | Cost=-318.31
2025-12-15 13:31:02 [INFO]            TOTAL (calculated)=-638.23 | TOTAL (reported)=-638.23
2025-12-15 13:31:02 [DEBUG]   Entropy: 0.6395 | Clip Frac: 0.050 | Grad Norm: 12030.2122 | ETA: 10.0 min
2025-12-15 13:36:12 [INFO] UPDATE 7720/8500 | Reward:  107.72 (±506.35) | Episodes:  10 | Pop: 259 | Budget: 63.2 | Loss: A=0.2122 C=452.9425
2025-12-15 13:36:12 [INFO]   Actions: DOSE=  0.8% | COUNT= 13.4% | SEQ=  4.9% | NOOP= 80.9%
2025-12-15 13:36:12 [INFO]   Rewards: Pre=+169.87 | PostPen=-240.00 | Kernel=+71.53 | Survival=+323.47 | Predict= +0.00 | EarlyTerm=-69.84 | Cost=-147.30
2025-12-15 13:36:12 [INFO]            TOTAL (calculated)=+107.72 | TOTAL (reported)=+107.72
2025-12-15 13:36:12 [DEBUG]   Entropy: 0.5591 | Clip Frac: 0.034 | Grad Norm: 6875.8331 | ETA: 10.4 min
2025-12-15 13:41:05 [INFO] UPDATE 7730/8500 | Reward:  274.93 (±176.87) | Episodes:   4 | Pop: 254 | Budget: 0.2 | Loss: A=0.0965 C=511.2539
2025-12-15 13:41:05 [INFO]   Actions: DOSE=  1.1% | COUNT= 11.1% | SEQ=  6.4% | NOOP= 81.4%
2025-12-15 13:41:05 [INFO]   Rewards: Pre=+207.73 | PostPen=-584.00 | Kernel=+103.77 | Survival=+979.07 | Predict= +0.00 | EarlyTerm=-32.61 | Cost=-399.04
2025-12-15 13:41:05 [INFO]            TOTAL (calculated)=+274.93 | TOTAL (reported)=+274.93
2025-12-15 13:41:05 [DEBUG]   Entropy: 0.5437 | Clip Frac: 0.029 | Grad Norm: 9577.8621 | ETA: 10.7 min
2025-12-15 13:45:46 [INFO] UPDATE 7740/8500 | Reward:  266.87 (±474.22) | Episodes:   5 | Pop: 13 | Budget: 49.7 | Loss: A=0.1122 C=596.3726
2025-12-15 13:45:46 [INFO]   Actions: DOSE=  1.6% | COUNT= 11.7% | SEQ=  3.4% | NOOP= 83.3%
2025-12-15 13:45:46 [INFO]   Rewards: Pre=-16.66 | PostPen=-215.60 | Kernel=+25.43 | Survival=+727.63 | Predict= +0.00 | EarlyTerm=-52.67 | Cost=-201.26
2025-12-15 13:45:46 [INFO]            TOTAL (calculated)=+266.87 | TOTAL (reported)=+266.87
2025-12-15 13:45:46 [DEBUG]   Entropy: 0.6236 | Clip Frac: 0.057 | Grad Norm: 9053.4328 | ETA: 11.0 min
2025-12-15 13:50:30 [INFO] UPDATE 7750/8500 | Reward:  326.33 (±241.20) | Episodes:   5 | Pop: 254 | Budget: 65.2 | Loss: A=0.0590 C=472.7362
2025-12-15 13:50:30 [INFO]   Actions: DOSE=  1.2% | COUNT= 12.0% | SEQ=  1.4% | NOOP= 85.4%
2025-12-15 13:50:30 [INFO]   Rewards: Pre=+53.28 | PostPen=-252.40 | Kernel=+87.96 | Survival=+625.82 | Predict= +0.00 | EarlyTerm=-49.13 | Cost=-139.20
2025-12-15 13:50:30 [INFO]            TOTAL (calculated)=+326.33 | TOTAL (reported)=+326.33
2025-12-15 13:50:30 [DEBUG]   Entropy: 0.5298 | Clip Frac: 0.030 | Grad Norm: 7058.0442 | ETA: 11.3 min
2025-12-15 13:55:10 [INFO] UPDATE 7760/8500 | Reward:  171.31 (±258.65) | Episodes:   4 | Pop: 254 | Budget: 23.8 | Loss: A=0.0256 C=696.4673
2025-12-15 13:55:10 [INFO]   Actions: DOSE=  0.9% | COUNT=  9.8% | SEQ=  5.4% | NOOP= 83.9%
2025-12-15 13:55:10 [INFO]   Rewards: Pre=+208.96 | PostPen=-602.00 | Kernel=+74.01 | Survival=+838.86 | Predict= +0.00 | EarlyTerm=-43.79 | Cost=-304.73
2025-12-15 13:55:10 [INFO]            TOTAL (calculated)=+171.31 | TOTAL (reported)=+171.31
2025-12-15 13:55:10 [DEBUG]   Entropy: 0.5475 | Clip Frac: 0.056 | Grad Norm: 11527.2791 | ETA: 11.6 min
2025-12-15 13:59:59 [INFO] UPDATE 7770/8500 | Reward:  255.78 (±449.88) | Episodes:   4 | Pop: 74 | Budget: 22.2 | Loss: A=0.1449 C=424.6843
2025-12-15 13:59:59 [INFO]   Actions: DOSE=  1.4% | COUNT= 15.6% | SEQ=  4.1% | NOOP= 78.9%
2025-12-15 13:59:59 [INFO]   Rewards: Pre=-235.95 | PostPen=-134.00 | Kernel=+186.08 | Survival=+791.35 | Predict= +0.00 | EarlyTerm=-40.42 | Cost=-311.28
2025-12-15 13:59:59 [INFO]            TOTAL (calculated)=+255.78 | TOTAL (reported)=+255.78
2025-12-15 13:59:59 [DEBUG]   Entropy: 0.7309 | Clip Frac: 0.031 | Grad Norm: 7481.1613 | ETA: 11.9 min
2025-12-15 14:04:59 [INFO] UPDATE 7780/8500 | Reward:  124.86 (±426.57) | Episodes:   4 | Pop: 193 | Budget: 24.1 | Loss: A=-0.0344 C=481.0952
2025-12-15 14:04:59 [INFO]   Actions: DOSE=  1.1% | COUNT=  9.9% | SEQ=  4.2% | NOOP= 84.9%
2025-12-15 14:04:59 [INFO]   Rewards: Pre=+92.80 | PostPen=-692.50 | Kernel=+106.43 | Survival=+957.36 | Predict= +0.00 | EarlyTerm=-35.67 | Cost=-303.56
2025-12-15 14:04:59 [INFO]            TOTAL (calculated)=+124.86 | TOTAL (reported)=+124.86
2025-12-15 14:04:59 [DEBUG]   Entropy: 0.5443 | Clip Frac: 0.022 | Grad Norm: 6723.2830 | ETA: 12.2 min
2025-12-15 14:09:28 [INFO] UPDATE 7790/8500 | Reward: -276.92 (±308.49) | Episodes:   4 | Pop: 196 | Budget: 22.6 | Loss: A=0.0493 C=607.8160
2025-12-15 14:09:28 [INFO]   Actions: DOSE=  1.5% | COUNT= 10.5% | SEQ=  4.4% | NOOP= 83.6%
2025-12-15 14:09:28 [INFO]   Rewards: Pre=-170.67 | PostPen=-817.50 | Kernel=+88.35 | Survival=+972.29 | Predict= +0.00 | EarlyTerm=-39.89 | Cost=-309.50
2025-12-15 14:09:28 [INFO]            TOTAL (calculated)=-276.92 | TOTAL (reported)=-276.92
2025-12-15 14:09:28 [DEBUG]   Entropy: 0.5645 | Clip Frac: 0.076 | Grad Norm: 8696.2176 | ETA: 12.4 min
2025-12-15 14:13:39 [DEBUG] Saved checkpoint: checkpoints/long_run/151225_115310/checkpoint_7800.pt
2025-12-15 14:14:06 [INFO] UPDATE 7800/8500 | Reward:  -90.70 (±360.19) | Episodes:   5 | Pop: 112 | Budget: 16.7 | Loss: A=-0.0229 C=689.3482
2025-12-15 14:14:06 [INFO]   Actions: DOSE=  1.3% | COUNT= 15.6% | SEQ=  6.0% | NOOP= 77.1%
2025-12-15 14:14:06 [INFO]   Rewards: Pre=-250.40 | PostPen=-240.40 | Kernel=+152.77 | Survival=+631.27 | Predict= +0.00 | EarlyTerm=-50.59 | Cost=-333.36
2025-12-15 14:14:06 [INFO]            TOTAL (calculated)= -90.70 | TOTAL (reported)= -90.70
2025-12-15 14:14:06 [DEBUG]   Entropy: 0.6685 | Clip Frac: 0.055 | Grad Norm: 8881.3593 | ETA: 12.6 min
2025-12-15 14:18:49 [INFO] UPDATE 7810/8500 | Reward:  116.81 (±326.22) | Episodes:   6 | Pop: 175 | Budget: 31.2 | Loss: A=-0.0920 C=582.1368
2025-12-15 14:18:49 [INFO]   Actions: DOSE=  1.3% | COUNT= 14.8% | SEQ=  6.0% | NOOP= 77.9%
2025-12-15 14:18:49 [INFO]   Rewards: Pre=+26.77 | PostPen=-275.67 | Kernel=+142.09 | Survival=+553.62 | Predict= +0.00 | EarlyTerm=-54.92 | Cost=-275.09
2025-12-15 14:18:49 [INFO]            TOTAL (calculated)=+116.81 | TOTAL (reported)=+116.81
2025-12-15 14:18:49 [DEBUG]   Entropy: 0.7412 | Clip Frac: 0.040 | Grad Norm: 9524.2710 | ETA: 12.8 min
2025-12-15 14:23:34 [INFO] UPDATE 7820/8500 | Reward: -203.44 (±311.48) | Episodes:   4 | Pop: 256 | Budget: 0.2 | Loss: A=-0.0141 C=503.0049
2025-12-15 14:23:34 [INFO]   Actions: DOSE=  1.3% | COUNT= 13.4% | SEQ=  5.6% | NOOP= 79.7%
2025-12-15 14:23:34 [INFO]   Rewards: Pre=-95.54 | PostPen=-721.50 | Kernel=+112.22 | Survival=+934.52 | Predict= +0.00 | EarlyTerm=-33.91 | Cost=-399.23
2025-12-15 14:23:34 [INFO]            TOTAL (calculated)=-203.44 | TOTAL (reported)=-203.44
2025-12-15 14:23:34 [DEBUG]   Entropy: 0.5912 | Clip Frac: 0.095 | Grad Norm: 7582.8933 | ETA: 13.1 min
2025-12-15 14:28:21 [INFO] UPDATE 7830/8500 | Reward:  289.87 (±345.76) | Episodes:   6 | Pop: 173 | Budget: 31.8 | Loss: A=-0.0436 C=487.8324
2025-12-15 14:28:21 [INFO]   Actions: DOSE=  1.2% | COUNT= 17.3% | SEQ=  3.9% | NOOP= 77.6%
2025-12-15 14:28:21 [INFO]   Rewards: Pre= +0.51 | PostPen=-258.67 | Kernel=+178.45 | Survival=+690.22 | Predict= +0.00 | EarlyTerm=-47.98 | Cost=-272.66
2025-12-15 14:28:21 [INFO]            TOTAL (calculated)=+289.87 | TOTAL (reported)=+289.87
2025-12-15 14:28:21 [DEBUG]   Entropy: 0.7458 | Clip Frac: 0.053 | Grad Norm: 7085.7388 | ETA: 13.3 min
2025-12-15 14:33:08 [INFO] UPDATE 7840/8500 | Reward: -245.44 (±212.80) | Episodes:  11 | Pop: 212 | Budget: 48.9 | Loss: A=0.0420 C=665.7721
2025-12-15 14:33:08 [INFO]   Actions: DOSE=  1.1% | COUNT= 12.4% | SEQ=  9.0% | NOOP= 77.5%
2025-12-15 14:33:08 [INFO]   Rewards: Pre=-18.01 | PostPen=-280.18 | Kernel=+55.84 | Survival=+274.37 | Predict= +0.00 | EarlyTerm=-73.14 | Cost=-204.33
2025-12-15 14:33:08 [INFO]            TOTAL (calculated)=-245.44 | TOTAL (reported)=-245.44
2025-12-15 14:33:08 [DEBUG]   Entropy: 0.7252 | Clip Frac: 0.058 | Grad Norm: 7351.7986 | ETA: 13.4 min
2025-12-15 14:38:01 [INFO] UPDATE 7850/8500 | Reward:   33.44 (±438.64) | Episodes:   5 | Pop: 254 | Budget: 55.3 | Loss: A=0.1820 C=612.3268
2025-12-15 14:38:01 [INFO]   Actions: DOSE=  1.1% | COUNT= 17.2% | SEQ=  1.8% | NOOP= 80.0%
2025-12-15 14:38:01 [INFO]   Rewards: Pre=-242.10 | PostPen=-312.80 | Kernel=+152.75 | Survival=+668.66 | Predict= +0.00 | EarlyTerm=-54.27 | Cost=-178.80
2025-12-15 14:38:01 [INFO]            TOTAL (calculated)= +33.44 | TOTAL (reported)= +33.44
2025-12-15 14:38:01 [DEBUG]   Entropy: 0.6105 | Clip Frac: 0.047 | Grad Norm: 6869.1572 | ETA: 13.6 min
2025-12-15 14:43:00 [INFO] UPDATE 7860/8500 | Reward:  474.93 (±352.60) | Episodes:   5 | Pop: 206 | Budget: 29.3 | Loss: A=0.0775 C=501.3900
2025-12-15 14:43:00 [INFO]   Actions: DOSE=  1.2% | COUNT= 11.8% | SEQ=  3.9% | NOOP= 83.1%
2025-12-15 14:43:00 [INFO]   Rewards: Pre=+155.29 | PostPen=-413.20 | Kernel=+169.97 | Survival=+884.70 | Predict= +0.00 | EarlyTerm=-39.03 | Cost=-282.80
2025-12-15 14:43:00 [INFO]            TOTAL (calculated)=+474.93 | TOTAL (reported)=+474.93
2025-12-15 14:43:00 [DEBUG]   Entropy: 0.7211 | Clip Frac: 0.057 | Grad Norm: 5035.1357 | ETA: 13.8 min
2025-12-15 14:47:57 [INFO] UPDATE 7870/8500 | Reward:  107.37 (±168.55) | Episodes:   6 | Pop: 175 | Budget: 13.4 | Loss: A=0.1965 C=423.5313
2025-12-15 14:47:57 [INFO]   Actions: DOSE=  1.4% | COUNT= 10.7% | SEQ=  8.5% | NOOP= 79.4%
2025-12-15 14:47:57 [INFO]   Rewards: Pre=+214.81 | PostPen=-398.67 | Kernel=+98.72 | Survival=+589.83 | Predict= +0.00 | EarlyTerm=-50.83 | Cost=-346.49
2025-12-15 14:47:57 [INFO]            TOTAL (calculated)=+107.37 | TOTAL (reported)=+107.37
2025-12-15 14:47:57 [DEBUG]   Entropy: 0.6069 | Clip Frac: 0.060 | Grad Norm: 8814.4245 | ETA: 14.0 min
2025-12-15 14:52:33 [INFO] UPDATE 7880/8500 | Reward:  -24.87 (±633.69) | Episodes:   5 | Pop: 257 | Budget: 5.6 | Loss: A=0.0485 C=644.3524
2025-12-15 14:52:33 [INFO]   Actions: DOSE=  1.0% | COUNT= 10.9% | SEQ=  7.2% | NOOP= 80.8%
2025-12-15 14:52:33 [INFO]   Rewards: Pre=+254.83 | PostPen=-794.40 | Kernel=+151.46 | Survival=+781.67 | Predict= +0.00 | EarlyTerm=-40.67 | Cost=-377.76
2025-12-15 14:52:33 [INFO]            TOTAL (calculated)= -24.87 | TOTAL (reported)= -24.87
2025-12-15 14:52:33 [DEBUG]   Entropy: 0.5780 | Clip Frac: 0.047 | Grad Norm: 11358.8824 | ETA: 14.1 min
2025-12-15 14:57:24 [INFO] UPDATE 7890/8500 | Reward: 1042.11 (±169.94) | Episodes:   3 | Pop: 257 | Budget: 10.2 | Loss: A=0.0731 C=406.7132
2025-12-15 14:57:24 [INFO]   Actions: DOSE=  1.0% | COUNT= 15.3% | SEQ=  2.3% | NOOP= 81.3%
2025-12-15 14:57:24 [INFO]   Rewards: Pre=+184.79 | PostPen=-490.67 | Kernel=+292.24 | Survival=+1433.21 | Predict= +0.00 | EarlyTerm=-18.12 | Cost=-359.35
2025-12-15 14:57:24 [INFO]            TOTAL (calculated)=+1042.11 | TOTAL (reported)=+1042.11
2025-12-15 14:57:24 [DEBUG]   Entropy: 0.5447 | Clip Frac: 0.060 | Grad Norm: 8783.5354 | ETA: 14.2 min
2025-12-15 15:02:06 [INFO] UPDATE 7900/8500 | Reward:   33.99 (±574.69) | Episodes:   5 | Pop: 157 | Budget: 28.9 | Loss: A=0.0337 C=722.1704
2025-12-15 15:02:06 [INFO]   Actions: DOSE=  1.2% | COUNT=  9.6% | SEQ=  5.0% | NOOP= 84.2%
2025-12-15 15:02:06 [INFO]   Rewards: Pre=-15.18 | PostPen=-498.40 | Kernel=+54.17 | Survival=+819.41 | Predict= +0.00 | EarlyTerm=-41.70 | Cost=-284.32
2025-12-15 15:02:06 [INFO]            TOTAL (calculated)= +33.99 | TOTAL (reported)= +33.99
2025-12-15 15:02:06 [DEBUG]   Entropy: 0.7110 | Clip Frac: 0.074 | Grad Norm: 9652.8910 | ETA: 14.3 min
2025-12-15 15:06:48 [INFO] UPDATE 7910/8500 | Reward:    7.01 (±212.43) | Episodes:   6 | Pop: 176 | Budget: 32.7 | Loss: A=0.3147 C=1040.0317
2025-12-15 15:06:48 [INFO]   Actions: DOSE=  1.1% | COUNT= 12.4% | SEQ=  4.9% | NOOP= 81.6%
2025-12-15 15:06:48 [INFO]   Rewards: Pre=+133.78 | PostPen=-614.33 | Kernel=+105.79 | Survival=+699.27 | Predict= +0.00 | EarlyTerm=-48.43 | Cost=-269.07
2025-12-15 15:06:48 [INFO]            TOTAL (calculated)=  +7.01 | TOTAL (reported)=  +7.01
2025-12-15 15:06:48 [DEBUG]   Entropy: 0.5775 | Clip Frac: 0.092 | Grad Norm: 11403.3620 | ETA: 14.4 min
2025-12-15 15:11:48 [INFO] UPDATE 7920/8500 | Reward:  -31.80 (±306.44) | Episodes:   8 | Pop: 221 | Budget: 36.3 | Loss: A=0.0363 C=622.5957
2025-12-15 15:11:48 [INFO]   Actions: DOSE=  1.1% | COUNT= 11.3% | SEQ=  7.4% | NOOP= 80.2%
2025-12-15 15:11:48 [INFO]   Rewards: Pre=+62.23 | PostPen=-309.25 | Kernel=+91.72 | Survival=+434.64 | Predict= +0.00 | EarlyTerm=-56.42 | Cost=-254.73
2025-12-15 15:11:48 [INFO]            TOTAL (calculated)= -31.80 | TOTAL (reported)= -31.80
2025-12-15 15:11:48 [DEBUG]   Entropy: 0.7180 | Clip Frac: 0.062 | Grad Norm: 9683.0184 | ETA: 14.5 min
2025-12-15 15:16:41 [INFO] UPDATE 7930/8500 | Reward: -186.85 (±302.79) | Episodes:   6 | Pop: 215 | Budget: 15.3 | Loss: A=0.0989 C=679.1175
2025-12-15 15:16:41 [INFO]   Actions: DOSE=  1.2% | COUNT= 14.2% | SEQ=  7.7% | NOOP= 76.9%
2025-12-15 15:16:41 [INFO]   Rewards: Pre=+14.47 | PostPen=-460.33 | Kernel=+70.93 | Survival=+579.73 | Predict= +0.00 | EarlyTerm=-52.98 | Cost=-338.67
2025-12-15 15:16:41 [INFO]            TOTAL (calculated)=-186.85 | TOTAL (reported)=-186.85
2025-12-15 15:16:41 [DEBUG]   Entropy: 0.6286 | Clip Frac: 0.132 | Grad Norm: 9346.0802 | ETA: 14.6 min
2025-12-15 15:21:27 [INFO] UPDATE 7940/8500 | Reward: 1567.59 (±957.83) | Episodes:   3 | Pop: 108 | Budget: 19.1 | Loss: A=0.0879 C=582.1208
2025-12-15 15:21:27 [INFO]   Actions: DOSE=  1.3% | COUNT= 15.8% | SEQ=  1.4% | NOOP= 81.6%
2025-12-15 15:21:27 [INFO]   Rewards: Pre=+160.88 | PostPen=-286.00 | Kernel=+327.04 | Survival=+1706.86 | Predict= +0.00 | EarlyTerm=-17.39 | Cost=-323.79
2025-12-15 15:21:27 [INFO]            TOTAL (calculated)=+1567.59 | TOTAL (reported)=+1567.59
2025-12-15 15:21:27 [DEBUG]   Entropy: 0.4979 | Clip Frac: 0.041 | Grad Norm: 8739.5562 | ETA: 14.7 min
2025-12-15 15:26:06 [INFO] UPDATE 7950/8500 | Reward:  297.54 (±406.14) | Episodes:   6 | Pop: 213 | Budget: 73.2 | Loss: A=0.2723 C=828.3475
2025-12-15 15:26:06 [INFO]   Actions: DOSE=  1.3% | COUNT= 12.0% | SEQ=  0.6% | NOOP= 86.1%
2025-12-15 15:26:06 [INFO]   Rewards: Pre=+79.20 | PostPen=-318.33 | Kernel=+111.70 | Survival=+585.43 | Predict= +0.00 | EarlyTerm=-53.39 | Cost=-107.06
2025-12-15 15:26:06 [INFO]            TOTAL (calculated)=+297.54 | TOTAL (reported)=+297.54
2025-12-15 15:26:06 [DEBUG]   Entropy: 0.5251 | Clip Frac: 0.039 | Grad Norm: 11074.0752 | ETA: 14.7 min
2025-12-15 15:30:51 [INFO] UPDATE 7960/8500 | Reward:   55.95 (±244.26) | Episodes:   7 | Pop: 82 | Budget: 34.1 | Loss: A=0.1657 C=546.7663
2025-12-15 15:30:51 [INFO]   Actions: DOSE=  1.3% | COUNT= 17.6% | SEQ=  5.1% | NOOP= 76.0%
2025-12-15 15:30:51 [INFO]   Rewards: Pre=-102.44 | PostPen=-186.29 | Kernel=+126.88 | Survival=+536.43 | Predict= +0.00 | EarlyTerm=-54.97 | Cost=-263.66
2025-12-15 15:30:51 [INFO]            TOTAL (calculated)= +55.95 | TOTAL (reported)= +55.95
2025-12-15 15:30:51 [DEBUG]   Entropy: 0.7598 | Clip Frac: 0.101 | Grad Norm: 9248.8462 | ETA: 14.7 min
2025-12-15 15:35:33 [INFO] UPDATE 7970/8500 | Reward:  812.08 (±659.28) | Episodes:   5 | Pop: 160 | Budget: 53.1 | Loss: A=0.2661 C=689.5369
2025-12-15 15:35:33 [INFO]   Actions: DOSE=  1.3% | COUNT= 12.4% | SEQ=  1.5% | NOOP= 84.8%
2025-12-15 15:35:33 [INFO]   Rewards: Pre=+135.09 | PostPen=-246.00 | Kernel=+235.10 | Survival=+918.08 | Predict= +0.00 | EarlyTerm=-42.43 | Cost=-187.76
2025-12-15 15:35:33 [INFO]            TOTAL (calculated)=+812.08 | TOTAL (reported)=+812.08
2025-12-15 15:35:33 [DEBUG]   Entropy: 0.6759 | Clip Frac: 0.108 | Grad Norm: 8913.3460 | ETA: 14.8 min
2025-12-15 15:40:15 [INFO] UPDATE 7980/8500 | Reward:   52.57 (±152.93) | Episodes:   8 | Pop: 165 | Budget: 32.4 | Loss: A=0.2378 C=950.4779
2025-12-15 15:40:15 [INFO]   Actions: DOSE=  1.3% | COUNT= 15.5% | SEQ=  6.8% | NOOP= 76.3%
2025-12-15 15:40:15 [INFO]   Rewards: Pre=-44.34 | PostPen=-175.75 | Kernel=+146.66 | Survival=+455.92 | Predict= +0.00 | EarlyTerm=-59.62 | Cost=-270.30
2025-12-15 15:40:15 [INFO]            TOTAL (calculated)= +52.57 | TOTAL (reported)= +52.57
2025-12-15 15:40:15 [DEBUG]   Entropy: 0.7957 | Clip Frac: 0.079 | Grad Norm: 8412.3040 | ETA: 14.8 min
2025-12-15 15:44:54 [INFO] UPDATE 7990/8500 | Reward:  253.76 (±41.29) | Episodes:   3 | Pop: 251 | Budget: 0.3 | Loss: A=0.1178 C=565.2908
2025-12-15 15:44:54 [INFO]   Actions: DOSE=  1.1% | COUNT= 11.4% | SEQ=  4.4% | NOOP= 83.1%
2025-12-15 15:44:54 [INFO]   Rewards: Pre=+150.55 | PostPen=-1016.67 | Kernel=+161.00 | Survival=+1377.19 | Predict= +0.00 | EarlyTerm=-19.38 | Cost=-398.93
2025-12-15 15:44:54 [INFO]            TOTAL (calculated)=+253.76 | TOTAL (reported)=+253.76
2025-12-15 15:44:54 [DEBUG]   Entropy: 0.5040 | Clip Frac: 0.052 | Grad Norm: 8926.2425 | ETA: 14.8 min
2025-12-15 15:49:04 [DEBUG] Saved checkpoint: checkpoints/long_run/151225_115310/checkpoint_8000.pt
2025-12-15 15:49:30 [INFO] UPDATE 8000/8500 | Reward:  862.65 (±444.57) | Episodes:   3 | Pop: 254 | Budget: 17.2 | Loss: A=-0.1117 C=604.0028
2025-12-15 15:49:30 [INFO]   Actions: DOSE=  1.2% | COUNT= 11.7% | SEQ=  3.3% | NOOP= 83.9%
2025-12-15 15:49:30 [INFO]   Rewards: Pre=+160.37 | PostPen=-369.33 | Kernel=+79.75 | Survival=+1344.31 | Predict= +0.00 | EarlyTerm=-21.43 | Cost=-331.03
2025-12-15 15:49:30 [INFO]            TOTAL (calculated)=+862.65 | TOTAL (reported)=+862.65
2025-12-15 15:49:30 [DEBUG]   Entropy: 0.6458 | Clip Frac: 0.060 | Grad Norm: 7790.4737 | ETA: 14.7 min
2025-12-15 15:54:23 [INFO] UPDATE 8010/8500 | Reward: -417.21 (±216.76) | Episodes:   8 | Pop: 104 | Budget: 29.5 | Loss: A=0.0422 C=578.2754
2025-12-15 15:54:23 [INFO]   Actions: DOSE=  1.7% | COUNT= 13.2% | SEQ=  7.9% | NOOP= 77.1%
2025-12-15 15:54:23 [INFO]   Rewards: Pre=-274.30 | PostPen=-340.50 | Kernel=+60.75 | Survival=+479.82 | Predict= +0.00 | EarlyTerm=-61.02 | Cost=-281.96
2025-12-15 15:54:23 [INFO]            TOTAL (calculated)=-417.21 | TOTAL (reported)=-417.21
2025-12-15 15:54:23 [DEBUG]   Entropy: 0.8082 | Clip Frac: 0.080 | Grad Norm: 8930.7998 | ETA: 14.7 min
2025-12-15 15:59:08 [INFO] UPDATE 8020/8500 | Reward: -177.29 (±428.20) | Episodes:   7 | Pop: 255 | Budget: 41.3 | Loss: A=0.0009 C=584.7551
2025-12-15 15:59:08 [INFO]   Actions: DOSE=  0.9% | COUNT= 13.4% | SEQ=  4.9% | NOOP= 80.7%
2025-12-15 15:59:08 [INFO]   Rewards: Pre=-98.56 | PostPen=-453.14 | Kernel=+72.89 | Survival=+592.13 | Predict= +0.00 | EarlyTerm=-55.81 | Cost=-234.80
2025-12-15 15:59:08 [INFO]            TOTAL (calculated)=-177.29 | TOTAL (reported)=-177.29
2025-12-15 15:59:08 [DEBUG]   Entropy: 0.6102 | Clip Frac: 0.050 | Grad Norm: 8282.8125 | ETA: 14.7 min
2025-12-15 16:04:06 [INFO] UPDATE 8030/8500 | Reward:  -91.55 (±373.74) | Episodes:  10 | Pop: 230 | Budget: 52.1 | Loss: A=0.0725 C=563.9944
2025-12-15 16:04:06 [INFO]   Actions: DOSE=  1.0% | COUNT= 17.2% | SEQ=  5.6% | NOOP= 76.2%
2025-12-15 16:04:06 [INFO]   Rewards: Pre= +2.46 | PostPen=-255.20 | Kernel=+95.58 | Survival=+324.77 | Predict= +0.00 | EarlyTerm=-67.44 | Cost=-191.72
2025-12-15 16:04:06 [INFO]            TOTAL (calculated)= -91.55 | TOTAL (reported)= -91.55
2025-12-15 16:04:06 [DEBUG]   Entropy: 0.7378 | Clip Frac: 0.059 | Grad Norm: 7299.7493 | ETA: 14.7 min
2025-12-15 16:08:57 [INFO] UPDATE 8040/8500 | Reward:  115.49 (±227.85) | Episodes:   6 | Pop: 173 | Budget: 48.3 | Loss: A=0.1391 C=610.8492
2025-12-15 16:08:57 [INFO]   Actions: DOSE=  1.1% | COUNT= 11.0% | SEQ=  3.8% | NOOP= 84.1%
2025-12-15 16:08:57 [INFO]   Rewards: Pre=+135.35 | PostPen=-463.33 | Kernel=+49.71 | Survival=+653.56 | Predict= +0.00 | EarlyTerm=-52.83 | Cost=-206.98
2025-12-15 16:08:57 [INFO]            TOTAL (calculated)=+115.49 | TOTAL (reported)=+115.49
2025-12-15 16:08:57 [DEBUG]   Entropy: 0.5473 | Clip Frac: 0.066 | Grad Norm: 8842.9956 | ETA: 14.6 min
2025-12-15 16:13:36 [INFO] UPDATE 8050/8500 | Reward: -139.59 (±233.86) | Episodes:   9 | Pop: 175 | Budget: 42.3 | Loss: A=0.1093 C=536.6177
2025-12-15 16:13:36 [INFO]   Actions: DOSE=  1.1% | COUNT= 11.5% | SEQ=  7.5% | NOOP= 79.9%
2025-12-15 16:13:36 [INFO]   Rewards: Pre=+94.71 | PostPen=-329.33 | Kernel=+38.81 | Survival=+351.11 | Predict= +0.00 | EarlyTerm=-64.00 | Cost=-230.89
2025-12-15 16:13:36 [INFO]            TOTAL (calculated)=-139.59 | TOTAL (reported)=-139.59
2025-12-15 16:13:36 [DEBUG]   Entropy: 0.8351 | Clip Frac: 0.083 | Grad Norm: 6722.6219 | ETA: 14.5 min
2025-12-15 16:19:13 [INFO] UPDATE 8060/8500 | Reward:   18.77 (±214.32) | Episodes:  13 | Pop: 257 | Budget: 77.6 | Loss: A=0.0106 C=431.5465
2025-12-15 16:19:13 [INFO]   Actions: DOSE=  0.8% | COUNT= 12.1% | SEQ=  2.8% | NOOP= 84.3%
2025-12-15 16:19:13 [INFO]   Rewards: Pre=+87.35 | PostPen=-188.00 | Kernel=+48.47 | Survival=+234.17 | Predict= +0.00 | EarlyTerm=-73.64 | Cost=-89.57
2025-12-15 16:19:13 [INFO]            TOTAL (calculated)= +18.77 | TOTAL (reported)= +18.77
2025-12-15 16:19:13 [DEBUG]   Entropy: 0.5619 | Clip Frac: 0.026 | Grad Norm: 6281.4322 | ETA: 14.5 min
2025-12-15 16:25:04 [INFO] UPDATE 8070/8500 | Reward:  -89.57 (±129.12) | Episodes:  15 | Pop: 224 | Budget: 75.5 | Loss: A=-0.0802 C=526.9797
2025-12-15 16:25:04 [INFO]   Actions: DOSE=  1.0% | COUNT=  9.2% | SEQ=  5.3% | NOOP= 84.5%
2025-12-15 16:25:04 [INFO]   Rewards: Pre=+52.19 | PostPen=-185.47 | Kernel=+29.80 | Survival=+189.87 | Predict= +0.00 | EarlyTerm=-77.88 | Cost=-98.08
2025-12-15 16:25:04 [INFO]            TOTAL (calculated)= -89.57 | TOTAL (reported)= -89.57
2025-12-15 16:25:04 [DEBUG]   Entropy: 0.6621 | Clip Frac: 0.044 | Grad Norm: 5824.6659 | ETA: 14.5 min
2025-12-15 16:30:31 [INFO] UPDATE 8080/8500 | Reward:   94.48 (±188.73) | Episodes:   9 | Pop: 254 | Budget: 68.9 | Loss: A=0.0594 C=248.3862
2025-12-15 16:30:31 [INFO]   Actions: DOSE=  0.7% | COUNT= 14.9% | SEQ=  2.8% | NOOP= 81.5%
2025-12-15 16:30:31 [INFO]   Rewards: Pre=+105.37 | PostPen=-216.67 | Kernel=+76.26 | Survival=+320.95 | Predict= +0.00 | EarlyTerm=-67.21 | Cost=-124.22
2025-12-15 16:30:31 [INFO]            TOTAL (calculated)= +94.48 | TOTAL (reported)= +94.48
2025-12-15 16:30:31 [DEBUG]   Entropy: 0.5524 | Clip Frac: 0.047 | Grad Norm: 3315.9013 | ETA: 14.4 min
